
> dashboard@0.0.0 build
> vite build

[36mvite v8.0.1 [32mbuilding client environment for production...[36m[39m
[2K
transforming...Γ£ô 2379 modules transformed.
node.exe : [31mΓ£ù[39m Build failed in 1.46s
At C:\Program Files\nodejs\npm.ps1:29 char:3
+   & $NODE_EXE $NPM_CLI_JS $args
+   ~~~~~~~~~~~~~~~~~~~~~~~~~~~~~
    + CategoryInfo          : NotSpecified: ([31mΓ£ù[39m Build failed in 1.46s:String) [], RemoteException
    + FullyQualifiedErrorId : NativeCommandError
 
[31merror during build:
[31mBuild failed with 7 errors:

[31m[UNRESOLVED_IMPORT] Error:[0m Could not resolve './Navbar' in src/layouts/SuperAdminLayout.jsx
   [38;5;246mΓò¡[0m[38;5;246mΓöÇ[0m[38;5;246m[[0m src/layouts/SuperAdminLayout.jsx:4:20 [38;5;246m][0m
   [38;5;246mΓöé[0m
 [38;5;246m4 Γöé[0m 
[38;5;249mi[0m[38;5;249mm[0m[38;5;249mp[0m[38;5;249mo[0m[38;5;249mr[0m[38;5;249mt[0m[38;5;249m 
[0m[38;5;249mN[0m[38;5;249ma[0m[38;5;249mv[0m[38;5;249mb[0m[38;5;249ma[0m[38;5;249mr[0m[38;5;249m 
[0m[38;5;249mf[0m[38;5;249mr[0m[38;5;249mo[0m[38;5;249mm[0m[38;5;249m [0m"./Navbar"[38;5;249m;[0m
 [38;5;240m  Γöé[0m                    ΓöÇΓöÇΓöÇΓöÇΓöÇΓö¼ΓöÇΓöÇΓöÇΓöÇ  
 [38;5;240m  Γöé[0m                         Γò░ΓöÇΓöÇΓöÇΓöÇΓöÇΓöÇ Module not found.
 [38;5;240m  Γöé[0m 
 [38;5;240m  Γöé[0m [38;5;115mHelp[0m: 'src/layouts/SuperAdminLayout.jsx' is imported by the following path:
 [38;5;240m  Γöé[0m         - src/layouts/SuperAdminLayout.jsx
 [38;5;240m  Γöé[0m         - src/App.jsx
 [38;5;240m  Γöé[0m         - src/main.jsx
 [38;5;240m  Γöé[0m         - index.html
[38;5;246mΓöÇΓöÇΓöÇΓò»[0m

[31m[UNRESOLVED_IMPORT] Error:[0m Could not resolve '../styles/login.css' in src/pages/auth/hub-admin/Login.jsx
   [38;5;246mΓò¡[0m[38;5;246mΓöÇ[0m[38;5;246m[[0m src/pages/auth/hub-admin/Login.jsx:3:8 [38;5;246m][0m
   [38;5;246mΓöé[0m
 [38;5;246m3 Γöé[0m 
[38;5;249mi[0m[38;5;249mm[0m[38;5;249mp[0m[38;5;249mo[0m[38;5;249mr[0m[38;5;249mt[0m[38;5;249m 
[0m"../styles/login.css"[38;5;249m;[0m
 [38;5;240m  Γöé[0m        ΓöÇΓöÇΓöÇΓöÇΓöÇΓöÇΓöÇΓöÇΓöÇΓöÇΓö¼ΓöÇΓöÇΓöÇΓöÇΓöÇΓöÇΓöÇΓöÇΓöÇΓöÇ  
 [38;5;240m  Γöé[0m                  Γò░ΓöÇΓöÇΓöÇΓöÇΓöÇΓöÇΓöÇΓöÇΓöÇΓöÇΓöÇΓöÇ Module not found.
 [38;5;240m  Γöé[0m 
 [38;5;240m  Γöé[0m [38;5;115mHelp[0m: 'src/pages/auth/hub-admin/Login.jsx' is imported by the following path:
 [38;5;240m  Γöé[0m         - src/pages/auth/hub-admin/Login.jsx
 [38;5;240m  Γöé[0m         - src/App.jsx
 [38;5;240m  Γöé[0m         - src/main.jsx
 [38;5;240m  Γöé[0m         - index.html
[38;5;246mΓöÇΓöÇΓöÇΓò»[0m

[31m[UNRESOLVED_IMPORT] Error:[0m Could not resolve '../components/Layout' in src/routes/hub-admin/AppRoutes.jsx
   [38;5;246mΓò¡[0m[38;5;246mΓöÇ[0m[38;5;246m[[0m src/routes/hub-admin/AppRoutes.jsx:3:20 [38;5;246m][0m
   [38;5;246mΓöé[0m
 [38;5;246m3 Γöé[0m 
[38;5;249mi[0m[38;5;249mm[0m[38;5;249mp[0m[38;5;249mo[0m[38;5;249mr[0m[38;5;249mt[0m[38;5;249m 
[0m[38;5;249mL[0m[38;5;249ma[0m[38;5;249my[0m[38;5;249mo[0m[38;5;249mu[0m[38;5;249mt[0m[38;5;249m 
[0m[38;5;249mf[0m[38;5;249mr[0m[38;5;249mo[0m[38;5;249mm[0m[38;5;249m 
[0m"../components/Layout"[38;5;249m;[0m
 [38;5;240m  Γöé[0m                    ΓöÇΓöÇΓöÇΓöÇΓöÇΓöÇΓöÇΓöÇΓöÇΓöÇΓöÇΓö¼ΓöÇΓöÇΓöÇΓöÇΓöÇΓöÇΓöÇΓöÇΓöÇΓöÇ  
 [38;5;240m  Γöé[0m                               Γò░ΓöÇΓöÇΓöÇΓöÇΓöÇΓöÇΓöÇΓöÇΓöÇΓöÇΓöÇΓöÇ Module not found.
 [38;5;240m  Γöé[0m 
 [38;5;240m  Γöé[0m [38;5;115mHelp[0m: 'src/routes/hub-admin/AppRoutes.jsx' is imported by the following path:
 [38;5;240m  Γöé[0m         - src/routes/hub-admin/AppRoutes.jsx
 [38;5;240m  Γöé[0m         - src/App.jsx
 [38;5;240m  Γöé[0m         - src/main.jsx
 [38;5;240m  Γöé[0m         - index.html
[38;5;246mΓöÇΓöÇΓöÇΓò»[0m

[31m[UNRESOLVED_IMPORT] Error:[0m Could not resolve '../utils/emailMock' in src/components/global/DynamicForm.jsx
     [38;5;246mΓò¡[0m[38;5;246mΓöÇ[0m[38;5;246m[[0m src/components/global/DynamicForm.jsx:205:12 [38;5;246m][0m
     [38;5;246mΓöé[0m
 [38;5;246m205 Γöé[0m [38;5;249m [0m[38;5;249m [0m[38;5;249m [0m[38;5;249m [0m[38;5;249m [0m[38;5;249m 
[0m[38;5;249m [0m[38;5;249m [0m[38;5;249m [0m[38;5;249m [0m[38;5;249mi[0m[38;5;249mm[0m[38;5;249mp[0m[3
8;5;249mo[0m[38;5;249mr[0m[38;5;249mt[0m[38;5;249m([0m"../utils/emailMock"[38;5;249m)[0m[38;5;249m.[0m[38;5
;249mt[0m[38;5;249mh[0m[38;5;249me[0m[38;5;249mn[0m[38;5;249m([0m[38;5;249m([0m[38;5;249m{[0m[38;5;249m 
[0m[38;5;249ms[0m[38;5;249me[0m[38;5;249mn[0m[38;5;249md[0m[38;5;249mS[0m[38;5;249mt[0m[38;5;249mo[0m[38
;5;249mr[0m[38;5;249me[0m[38;5;249mR[0m[38;5;249me[0m[38;5;249mq[0m[38;5;249mu[0m[38;5;249me[0m[38;5;249m
s[0m[38;5;249mt[0m[38;5;249mT[0m[38;5;249mo[0m[38;5;249mS[0m[38;5;249mu[0m[38;5;249mp[0m[38;5;249me[0m[
38;5;249mr[0m[38;5;249mE[0m[38;5;249mm[0m[38;5;249ma[0m[38;5;249mi[0m[38;5;249ml[0m[38;5;249m 
[0m[38;5;249m}[0m[38;5;249m)[0m[38;5;249m [0m[38;5;249m=[0m[38;5;249m>[0m[38;5;249m [0m[38;5;249m{[0m
 [38;5;240m    Γöé[0m                  ΓöÇΓöÇΓöÇΓöÇΓöÇΓöÇΓöÇΓöÇΓöÇΓöÇΓö¼ΓöÇΓöÇΓöÇΓöÇΓöÇΓöÇΓöÇΓöÇΓöÇ  
 [38;5;240m    Γöé[0m                            Γò░ΓöÇΓöÇΓöÇΓöÇΓöÇΓöÇΓöÇΓöÇΓöÇΓöÇΓöÇ Module not found.
 [38;5;240m    Γöé[0m 
 [38;5;240m    Γöé[0m [38;5;115mHelp[0m: 'src/components/global/DynamicForm.jsx' is imported by the following path:
 [38;5;240m    Γöé[0m         - src/components/global/DynamicForm.jsx
 [38;5;240m    Γöé[0m         - src/pages/auth/HubForm.jsx
 [38;5;240m    Γöé[0m         - src/App.jsx
 [38;5;240m    Γöé[0m         - src/main.jsx
 [38;5;240m    Γöé[0m         - index.html
[38;5;246mΓöÇΓöÇΓöÇΓöÇΓöÇΓò»[0m

[31m[UNRESOLVED_IMPORT] Error:[0m Could not resolve '../utils/emailMock' in src/components/global/DynamicForm.jsx
     [38;5;246mΓò¡[0m[38;5;246mΓöÇ[0m[38;5;246m[[0m src/components/global/DynamicForm.jsx:217:54 [38;5;246m][0m
     [38;5;246mΓöé[0m
 [38;5;246m217 Γöé[0m [38;5;249m [0m[38;5;249m [0m[38;5;249m [0m[38;5;249m [0m[38;5;249m [0m[38;5;249m 
[0m[38;5;249m [0m[38;5;249m [0m[38;5;249m [0m[38;5;249m 
[0m[38;5;249mc[0m[38;5;249mo[0m[38;5;249mn[0m[38;5;249ms[0m[38;5;249mt[0m[38;5;249m 
[0m[38;5;249m{[0m[38;5;249m [0m[38;5;249ms[0m[38;5;249me[0m[38;5;249mn[0m[38;5;249md[0m[38;5;249mD[0m[3
8;5;249mi[0m[38;5;249mr[0m[38;5;249me[0m[38;5;249mc[0m[38;5;249mt[0m[38;5;249mC[0m[38;5;249mr[0m[38;5;249
me[0m[38;5;249ma[0m[38;5;249mt[0m[38;5;249mi[0m[38;5;249mo[0m[38;5;249mn[0m[38;5;249mE[0m[38;5;249mm[0m
[38;5;249ma[0m[38;5;249mi[0m[38;5;249ml[0m[38;5;249m [0m[38;5;249m}[0m[38;5;249m 
[0m[38;5;249m=[0m[38;5;249m 
[0m[38;5;249ma[0m[38;5;249mw[0m[38;5;249ma[0m[38;5;249mi[0m[38;5;249mt[0m[38;5;249m [0m[38;5;249mi[0m[3
8;5;249mm[0m[38;5;249mp[0m[38;5;249mo[0m[38;5;249mr[0m[38;5;249mt[0m[38;5;249m([0m"../utils/emailMock"[38;5
;249m)[0m[38;5;249m;[0m
 [38;5;240m    Γöé[0m                                                            
ΓöÇΓöÇΓöÇΓöÇΓöÇΓöÇΓöÇΓöÇΓöÇΓöÇΓö¼ΓöÇΓöÇΓöÇΓöÇΓöÇΓöÇΓöÇΓöÇΓöÇ  
 [38;5;240m    Γöé[0m                                                                      
Γò░ΓöÇΓöÇΓöÇΓöÇΓöÇΓöÇΓöÇΓöÇΓöÇΓöÇΓöÇ Module not found.
 [38;5;240m    Γöé[0m 
 [38;5;240m    Γöé[0m [38;5;115mHelp[0m: 'src/components/global/DynamicForm.jsx' is imported by the following path:
 [38;5;240m    Γöé[0m         - src/components/global/DynamicForm.jsx
 [38;5;240m    Γöé[0m         - src/pages/auth/HubForm.jsx
 [38;5;240m    Γöé[0m         - src/App.jsx
 [38;5;240m    Γöé[0m         - src/main.jsx
 [38;5;240m    Γöé[0m         - index.html
[38;5;246mΓöÇΓöÇΓöÇΓöÇΓöÇΓò»[0m

...[31m
    at aggregateBindingErrorsIntoJsError (file:///C:/Users/MD%20ASFIN/OneDrive/Desktop/New%20Dashboard%20(2)/New%20Dash
board/node_modules/rolldown/dist/shared/error-BO4SlZV_.mjs:48:18)
    at unwrapBindingResult (file:///C:/Users/MD%20ASFIN/OneDrive/Desktop/New%20Dashboard%20(2)/New%20Dashboard/node_mod
ules/rolldown/dist/shared/error-BO4SlZV_.mjs:18:128)
    at #build (file:///C:/Users/MD%20ASFIN/OneDrive/Desktop/New%20Dashboard%20(2)/New%20Dashboard/node_modules/rolldown
/dist/shared/rolldown-build-yQC7KN8K.mjs:3311:34)
    at async buildEnvironment (file:///C:/Users/MD%20ASFIN/OneDrive/Desktop/New%20Dashboard%20(2)/New%20Dashboard/node_
modules/vite/dist/node/chunks/node.js:32817:64)
    at async Object.build (file:///C:/Users/MD%20ASFIN/OneDrive/Desktop/New%20Dashboard%20(2)/New%20Dashboard/node_modu
les/vite/dist/node/chunks/node.js:33239:19)
    at async Object.buildApp (file:///C:/Users/MD%20ASFIN/OneDrive/Desktop/New%20Dashboard%20(2)/New%20Dashboard/node_m
odules/vite/dist/node/chunks/node.js:33236:153)
    at async CAC.<anonymous> (file:///C:/Users/MD%20ASFIN/OneDrive/Desktop/New%20Dashboard%20(2)/New%20Dashboard/node_m
odules/vite/dist/node/cli.js:778:3) {
  errors: [Getter/Setter]
}[39m
